127.0.0.1 - - [19/Feb/2016:19:44:51 -0200] "GET / HTTP/1.1" 404 951
0:0:0:0:0:0:0:1 - - [19/Feb/2016:19:47:02 -0200] "GET /DialiSys/sessoes/periodo?DataInicial=01/12/2012&DataFinal=01/02/2016 HTTP/1.1" 500 4564
127.0.0.1 - - [19/Feb/2016:19:48:11 -0200] "GET / HTTP/1.1" 404 951
0:0:0:0:0:0:0:1 - - [19/Feb/2016:19:48:47 -0200] "GET /DialiSys/sessoes/periodo?DataInicial=01/12/2012&DataFinal=01/02/2016 HTTP/1.1" 500 4564
127.0.0.1 - - [19/Feb/2016:19:49:22 -0200] "GET / HTTP/1.1" 404 951
0:0:0:0:0:0:0:1 - - [19/Feb/2016:19:50:43 -0200] "GET /DialiSys/sessoes/periodo?DataInicial=01/12/2012&DataFinal=01/02/2016 HTTP/1.1" 500 4564
0:0:0:0:0:0:0:1 - - [19/Feb/2016:19:51:01 -0200] "GET /DialiSys/sessoes/1 HTTP/1.1" 500 4564
127.0.0.1 - - [19/Feb/2016:19:54:40 -0200] "GET / HTTP/1.1" 404 951
0:0:0:0:0:0:0:1 - - [19/Feb/2016:19:54:52 -0200] "GET /DialiSys/sessoes/1 HTTP/1.1" 500 4564
127.0.0.1 - - [19/Feb/2016:19:58:54 -0200] "GET / HTTP/1.1" 404 951
0:0:0:0:0:0:0:1 - - [19/Feb/2016:19:59:21 -0200] "GET /DialiSys/sessoes/1 HTTP/1.1" 404 58
0:0:0:0:0:0:0:1 - - [19/Feb/2016:19:59:44 -0200] "GET /DialiSys/sessoes/periodo?DataInicial=01/12/2012&DataFinal=01/02/2016 HTTP/1.1" 200 743
0:0:0:0:0:0:0:1 - - [19/Feb/2016:20:02:34 -0200] "GET /DialiSys/sessoes/periodo?DataInicial=01/12/2012&DataFinal=01/02/2016 HTTP/1.1" 200 1881
0:0:0:0:0:0:0:1 - - [19/Feb/2016:20:05:32 -0200] "GET /DialiSys/sessoes/periodo?DataInicial=01/12/2012&DataFinal=01/02/2016 HTTP/1.1" 200 436
0:0:0:0:0:0:0:1 - - [19/Feb/2016:20:08:24 -0200] "GET /DialiSys/sessoes/periodo?DataInicial=01/12/2012&DataFinal=01/02/2016 HTTP/1.1" 404 89
0:0:0:0:0:0:0:1 - - [19/Feb/2016:20:11:20 -0200] "GET /DialiSys/sessoes/periodo?DataInicial=01/12/2012&DataFinal=01/02/2016 HTTP/1.1" 404 89
127.0.0.1 - - [19/Feb/2016:20:23:30 -0200] "GET / HTTP/1.1" 404 951
0:0:0:0:0:0:0:1 - - [19/Feb/2016:20:23:53 -0200] "GET /DialiSys/sessoes/periodo?DataInicial=01/12/2012&DataFinal=01/02/2016 HTTP/1.1" 200 743
192.168.0.167 - - [19/Feb/2016:20:25:18 -0200] "GET / HTTP/1.1" 404 951
fe80:0:0:0:ed62:5212:1b31:fdbf%12 - - [19/Feb/2016:20:25:21 -0200] "GET / HTTP/1.1" 404 951
0:0:0:0:0:0:0:1 - - [19/Feb/2016:20:29:48 -0200] "POST /DialiSys/clinicas HTTP/1.1" 201 -
0:0:0:0:0:0:0:1 - - [19/Feb/2016:20:34:50 -0200] "POST /DialiSys/enfermeiras HTTP/1.1" 201 -
0:0:0:0:0:0:0:1 - - [19/Feb/2016:20:37:12 -0200] "POST /DialiSys/medicos HTTP/1.1" 201 -
0:0:0:0:0:0:0:1 - - [19/Feb/2016:20:38:30 -0200] "POST /DialiSys/usuarios HTTP/1.1" 201 -
0:0:0:0:0:0:0:1 - - [19/Feb/2016:20:40:15 -0200] "POST /DialiSys/usuarios HTTP/1.1" 201 -
0:0:0:0:0:0:0:1 - - [19/Feb/2016:20:40:36 -0200] "GET /DialiSys/usuarios/19 HTTP/1.1" 404 58
0:0:0:0:0:0:0:1 - - [19/Feb/2016:20:40:36 -0200] "GET /favicon.ico HTTP/1.1" 404 973
0:0:0:0:0:0:0:1 - - [19/Feb/2016:20:40:58 -0200] "GET /DialiSys/usuarios/19 HTTP/1.1" 404 58
0:0:0:0:0:0:0:1 - - [19/Feb/2016:20:45:13 -0200] "GET /DialiSys/usuarios/19 HTTP/1.1" 200 408
0:0:0:0:0:0:0:1 - - [19/Feb/2016:20:45:47 -0200] "GET /DialiSys/usuarios/yasmin HTTP/1.1" 200 69
0:0:0:0:0:0:0:1 - - [19/Feb/2016:20:46:06 -0200] "GET /DialiSys/usuarios/jackbauer HTTP/1.1" 200 408
0:0:0:0:0:0:0:1 - - [19/Feb/2016:20:48:13 -0200] "GET /DialiSys/medicos/18 HTTP/1.1" 200 523
0:0:0:0:0:0:0:1 - - [19/Feb/2016:20:48:57 -0200] "GET /DialiSys/enfermeiras/17 HTTP/1.1" 200 533
0:0:0:0:0:0:0:1 - - [19/Feb/2016:20:51:35 -0200] "GET /DialiSys/clinicas/16 HTTP/1.1" 200 353
0:0:0:0:0:0:0:1 - - [19/Feb/2016:21:05:21 -0200] "GET /DialiSys/pacientes/13/relatorio/periodo?De=10/09/1999&Ate=10/09/2016 HTTP/1.1" 404 967
0:0:0:0:0:0:0:1 - - [19/Feb/2016:21:06:07 -0200] "GET /DialiSys/pacientes/13/relatorio/periodo?De=10/09/1999&Ate=10/09/2016 HTTP/1.1" 404 967
0:0:0:0:0:0:0:1 - - [19/Feb/2016:21:07:38 -0200] "GET /DialiSys/pacientes/13/sessoes?De=10/09/1999&Ate=10/09/2016 HTTP/1.1" 500 107991
0:0:0:0:0:0:0:1 - - [19/Feb/2016:21:10:06 -0200] "GET /DialiSys/pacientes/13/sessoes?De=10/09/1999&Ate=10/09/2016 HTTP/1.1" 500 108013
0:0:0:0:0:0:0:1 - - [19/Feb/2016:21:11:26 -0200] "GET /DialiSys/pacientes/13/sessoes?De=10/09/1999&Ate=10/09/2016 HTTP/1.1" 200 498
0:0:0:0:0:0:0:1 - - [19/Feb/2016:21:15:01 -0200] "GET /DialiSys/pacientes/13/sessoes?De=10/09/1999&Ate=10/09/2016 HTTP/1.1" 200 371
0:0:0:0:0:0:0:1 - - [19/Feb/2016:22:10:24 -0200] "POST /DialiSys/pacientes/5/KTV HTTP/1.1" 405 1013
0:0:0:0:0:0:0:1 - - [19/Feb/2016:22:11:29 -0200] "POST /DialiSys/pacientes/5/KTV HTTP/1.1" 500 4275
127.0.0.1 - - [19/Feb/2016:22:12:01 -0200] "GET / HTTP/1.1" 404 951
0:0:0:0:0:0:0:1 - - [19/Feb/2016:22:12:28 -0200] "POST /DialiSys/pacientes/5/KTV HTTP/1.1" 201 -
0:0:0:0:0:0:0:1 - - [19/Feb/2016:22:18:25 -0200] "POST /DialiSys/pacientes/500/KTV HTTP/1.1" 404 92
0:0:0:0:0:0:0:1 - - [19/Feb/2016:22:19:29 -0200] "POST /DialiSys/pacientes/500/KTV HTTP/1.1" 404 92
0:0:0:0:0:0:0:1 - - [19/Feb/2016:22:19:46 -0200] "POST /DialiSys/pacientes/5/KTV HTTP/1.1" 404 107
0:0:0:0:0:0:0:1 - - [19/Feb/2016:22:26:44 -0200] "POST /DialiSys/pacientes/500/KTV HTTP/1.1" 404 92
0:0:0:0:0:0:0:1 - - [19/Feb/2016:22:46:52 -0200] "GET /DialiSys/pacientes/5/sessoes?data=20/10/2015 HTTP/1.1" 404 112
0:0:0:0:0:0:0:1 - - [19/Feb/2016:22:48:51 -0200] "GET /DialiSys/pacientes/5/sessoes/4 HTTP/1.1" 200 584
0:0:0:0:0:0:0:1 - - [19/Feb/2016:23:00:27 -0200] "GET /DialiSys/pacientes/5/sessoes?%22datainicial%22=%2201/12/2013%22&%22datafinal%22=%2220/12/2015%22 HTTP/1.1" 500 4146
0:0:0:0:0:0:0:1 - - [19/Feb/2016:23:01:53 -0200] "GET /DialiSys/pacientes/5/sessoes?%22datainicial%22=%2201/12/2013%22&%22datafinal%22=%2220/12/2015%22 HTTP/1.1" 404 112
0:0:0:0:0:0:0:1 - - [19/Feb/2016:23:05:54 -0200] "GET /DialiSys/pacientes/5/sessoes?sessoes?%22De%22=02/12/2013&%22Ate%22=01/01/2016 HTTP/1.1" 404 112
0:0:0:0:0:0:0:1 - - [19/Feb/2016:23:06:06 -0200] "GET /DialiSys/pacientes/5/sessoes?%22De%22=02/12/2013&%22Ate%22=01/01/2016 HTTP/1.1" 404 112
0:0:0:0:0:0:0:1 - - [19/Feb/2016:23:09:03 -0200] "GET /DialiSys/pacientes/13/sessoes?%22De%22=02/12/2013&%22Ate%22=01/01/2016 HTTP/1.1" 404 112
0:0:0:0:0:0:0:1 - - [19/Feb/2016:23:10:49 -0200] "GET /DialiSys/pacientes/8/sessoes?%22De%22=02/12/2013&%22Ate%22=01/01/2016 HTTP/1.1" 404 112
0:0:0:0:0:0:0:1 - - [19/Feb/2016:23:11:55 -0200] "GET /DialiSys/pacientes/5/sessoes?%22De%22=02/12/2013&%22Ate%22=01/01/2016 HTTP/1.1" 404 112
0:0:0:0:0:0:0:1 - - [19/Feb/2016:23:12:59 -0200] "GET /DialiSys/pacientes/5/sessoes?%22datainicial%22=%2201/12/2013%22&%22datafinal%22=%2220/12/2015%22 HTTP/1.1" 404 112
0:0:0:0:0:0:0:1 - - [19/Feb/2016:23:16:00 -0200] "GET /DialiSys/pacientes/5/sessoes?De=02/12/2013&Ate=01/01/2016 HTTP/1.1" 200 363
0:0:0:0:0:0:0:1 - - [19/Feb/2016:23:29:48 -0200] "POST /DialiSys/pacientes/5/sessoes HTTP/1.1" 200 363
0:0:0:0:0:0:0:1 - - [19/Feb/2016:23:38:55 -0200] "POST /DialiSys/pacientes/5/sessoes HTTP/1.1" 200 363
127.0.0.1 - - [19/Feb/2016:23:39:52 -0200] "GET / HTTP/1.1" 404 951
0:0:0:0:0:0:0:1 - - [19/Feb/2016:23:41:26 -0200] "POST /DialiSys/pacientes/5/sessoes HTTP/1.1" 200 363
127.0.0.1 - - [19/Feb/2016:23:45:19 -0200] "GET / HTTP/1.1" 404 951
0:0:0:0:0:0:0:1 - - [19/Feb/2016:23:46:00 -0200] "POST /DialiSys/pacientes/5/sessoes HTTP/1.1" 200 363
0:0:0:0:0:0:0:1 - - [19/Feb/2016:23:46:20 -0200] "GET /DialiSys/pacientes/5/sessoes HTTP/1.1" 405 1013
127.0.0.1 - - [19/Feb/2016:23:47:10 -0200] "GET / HTTP/1.1" 404 951
0:0:0:0:0:0:0:1 - - [19/Feb/2016:23:47:26 -0200] "GET /DialiSys/pacientes/5/sessoes HTTP/1.1" 405 1013
0:0:0:0:0:0:0:1 - - [19/Feb/2016:23:48:05 -0200] "POST /DialiSys/pacientes/5/sessoes HTTP/1.1" 200 363
0:0:0:0:0:0:0:1 - - [19/Feb/2016:23:50:27 -0200] "POST /DialiSys/pacientes/5/sessoes HTTP/1.1" 201 -
